// Jest Snapshot v1, https://goo.gl/fbAQLP

exports[`SearchBtn Component snapshots Should render clickable SearchBtn 1`] = `
.c0 {
  border: none;
  border-left: none;
  cursor: pointer;
  display: -webkit-box;
  display: -webkit-flex;
  display: -ms-flexbox;
  display: flex;
  -webkit-box-pack: center;
  -webkit-justify-content: center;
  -ms-flex-pack: center;
  justify-content: center;
  -webkit-align-items: center;
  -webkit-box-align: center;
  -ms-flex-align: center;
  align-items: center;
  padding: 0;
}

.c0 .search-icon {
  color: #eee;
  font-size: 20px;
  margin-left: 10px;
}

@media (min-width:768px) {
  .c0 {
    border: 1px solid #9d9d9d;
    padding: 0px 25px;
    background-color: #eee;
  }
}

@media (min-width:768px) {
  .c0 .search-icon {
    color: #9d9d9d;
    margin: 0;
  }
}

<button
  className="c0"
  data-testid="search-btn"
  type="button"
>
  <svg
    className="search-icon"
    fill="currentColor"
    height="1em"
    stroke="currentColor"
    strokeWidth="0"
    style={
      Object {
        "color": undefined,
      }
    }
    viewBox="0 0 1024 1024"
    width="1em"
    xmlns="http://www.w3.org/2000/svg"
  >
    <path
      d="M909.6 854.5L649.9 594.8C690.2 542.7 712 479 712 412c0-80.2-31.3-155.4-87.9-212.1-56.6-56.7-132-87.9-212.1-87.9s-155.5 31.3-212.1 87.9C143.2 256.5 112 331.8 112 412c0 80.1 31.3 155.5 87.9 212.1C256.5 680.8 331.8 712 412 712c67 0 130.6-21.8 182.7-62l259.7 259.6a8.2 8.2 0 0 0 11.6 0l43.6-43.5a8.2 8.2 0 0 0 0-11.6zM570.4 570.4C528 612.7 471.8 636 412 636s-116-23.3-158.4-65.6C211.3 528 188 471.8 188 412s23.3-116.1 65.6-158.4C296 211.3 352.2 188 412 188s116.1 23.2 158.4 65.6S636 352.2 636 412s-23.3 116.1-65.6 158.4z"
    />
  </svg>
</button>
`;
